[khanh@localhost c]$ gdb ./run 
GNU gdb (GDB) Fedora 8.2-5.fc29
Copyright (C) 2018 Free Software Foundation, Inc.
License GPLv3+: GNU GPL version 3 or later <http://gnu.org/licenses/gpl.html>
This is free software: you are free to change and redistribute it.
There is NO WARRANTY, to the extent permitted by law.
Type "show copying" and "show warranty" for details.
This GDB was configured as "x86_64-redhat-linux-gnu".
Type "show configuration" for configuration details.
For bug reporting instructions, please see:
<http://www.gnu.org/software/gdb/bugs/>.
Find the GDB manual and other documentation resources online at:
    <http://www.gnu.org/software/gdb/documentation/>.

For help, type "help".
Type "apropos word" to search for commands related to "word"...
Reading symbols from ./run...done.
(gdb) b 49
Breakpoint 1 at 0x401507: file main.c, line 49.
(gdb) r
Starting program: /home/khanh/programming/opencl/examples/c/run 
Missing separate debuginfos, use: dnf debuginfo-install glibc-2.28-26.fc29.x86_64
warning: Loadable section ".note.gnu.property" outside of ELF segments
---------------------
PROGRAM: size 133 bytes
---------------------
__kernel void fill(
		__global float *a, 
		__global const float x)	
{
	ulong i = get_global_id(0);
	a[i] = x;
	printf("%d\n", x);
}

---------------------

Breakpoint 1, main () at main.c:49
49		clGetPlatformIDs(1, &platform, NULL);
Missing separate debuginfos, use: dnf debuginfo-install ocl-icd-2.2.12-2.fc29.x86_64
(gdb) b 50
Breakpoint 2 at 0x40151d: file main.c, line 51.
(gdb) c
Continuing.
[Thread debugging using libthread_db enabled]
Using host libthread_db library "/lib64/libthread_db.so.1".
warning: Loadable section ".note.gnu.property" outside of ELF segments

Program received signal SIGSEGV, Segmentation fault.
0x00007ffff7e2dcb8 in perror_internal () from /lib64/libc.so.6
Missing separate debuginfos, use: dnf debuginfo-install clang-libs-7.0.0-2.fc29.x86_64 elfutils-libelf-0.174-5.fc29.x86_64 expat-2.2.6-1.fc29.x86_64 libdrm-2.4.96-2.fc29.x86_64 libedit-3.1-24.20170329cvs.fc29.x86_64 libffi-3.1-18.fc29.x86_64 libgcc-8.2.1-6.fc29.x86_64 libstdc++-8.2.1-6.fc29.x86_64 llvm-libs-7.0.0-2.fc29.x86_64 mesa-libOpenCL-18.2.6-3.fc29.x86_64 ncurses-libs-6.1-8.20180923.fc29.x86_64 zlib-1.2.11-14.fc29.x86_64
(gdb) bt
#0  0x00007ffff7e2dcb8 in perror_internal () from /lib64/libc.so.6
#1  0x00007ffff7e2ddb2 in perror () from /lib64/libc.so.6
#2  0x0000000000401394 in read (filename=0x4 <error: Cannot access memory at address 0x4>) at main.c:14
#3  0x00007ffff32da697 in ?? () from /lib64/libLLVM-7.so
#4  0x00007ffff32db78c in llvm::MemoryBuffer::getFileAsStream(llvm::Twine const&) () from /lib64/libLLVM-7.so
#5  0x00007ffff3327fe4 in ?? () from /lib64/libLLVM-7.so
#6  0x00007ffff3328805 in llvm::sys::getHostNumPhysicalCores() () from /lib64/libLLVM-7.so
#7  0x00007ffff333df0d in llvm::heavyweight_hardware_concurrency() () from /lib64/libLLVM-7.so
#8  0x00007ffff322d686 in ?? () from /lib64/libLLVM-7.so
#9  0x00007ffff7fe1e0a in call_init.part () from /lib64/ld-linux-x86-64.so.2
#10 0x00007ffff7fe1f0a in _dl_init () from /lib64/ld-linux-x86-64.so.2
#11 0x00007ffff7fe5eff in dl_open_worker () from /lib64/ld-linux-x86-64.so.2
#12 0x00007ffff7ef9137 in _dl_catch_exception () from /lib64/libc.so.6
#13 0x00007ffff7fe576e in _dl_open () from /lib64/ld-linux-x86-64.so.2
#14 0x00007ffff7dba39a in dlopen_doit () from /lib64/libdl.so.2
#15 0x00007ffff7ef9137 in _dl_catch_exception () from /lib64/libc.so.6
#16 0x00007ffff7ef91d3 in _dl_catch_error () from /lib64/libc.so.6
#17 0x00007ffff7dbab09 in _dlerror_run () from /lib64/libdl.so.2
#18 0x00007ffff7dba43a in dlopen@@GLIBC_2.2.5 () from /lib64/libdl.so.2
#19 0x00007ffff7f8ad11 in _initClIcd_real () from /lib64/libOpenCL.so.1
#20 0x00007ffff7f8d35c in clGetPlatformIDs () from /lib64/libOpenCL.so.1
#21 0x000000000040151d in main () at main.c:49
(gdb) 

